// Jest Snapshot v1, https://goo.gl/fbAQLP

exports[`TodoList Component Renders self and sub components 1`] = `
<RCTScrollView
  testID="list"
>
  <View>
    <View
      accessible={true}
      isTVSelectable={true}
      onResponderGrant={[Function]}
      onResponderMove={[Function]}
      onResponderRelease={[Function]}
      onResponderTerminate={[Function]}
      onResponderTerminationRequest={[Function]}
      onStartShouldSetResponder={[Function]}
      style={
        Object {
          "backgroundColor": "#ccc",
          "color": "#0f0f0f",
          "opacity": 1,
        }
      }
    >
      <View
        style={
          Object {
            "backgroundColor": "white",
          }
        }
        testID="root"
      >
        <Text
          testID="name"
        >
          Attend Class
        </Text>
        <Text
          testID="status"
        >
          Is complete? 
          false
        </Text>
        <Text
          testID="id"
        >
          0
        </Text>
        <View
          accessibilityRole="button"
          accessibilityStates={Array []}
          accessible={true}
          isTVSelectable={true}
          onResponderGrant={[Function]}
          onResponderMove={[Function]}
          onResponderRelease={[Function]}
          onResponderTerminate={[Function]}
          onResponderTerminationRequest={[Function]}
          onStartShouldSetResponder={[Function]}
          style={
            Object {
              "opacity": 1,
            }
          }
        >
          <View
            style={
              Array [
                Object {},
              ]
            }
          >
            <Text
              style={
                Array [
                  Object {
                    "color": "#007AFF",
                    "fontSize": 18,
                    "padding": 8,
                    "textAlign": "center",
                  },
                ]
              }
            >
              Delete
            </Text>
          </View>
        </View>
      </View>
    </View>
  </View>
</RCTScrollView>
`;
